// Jest Snapshot v1, https://goo.gl/fbAQLP

exports[`Snapshot on CurrLocButton 1`] = `
<View
  accessible={true}
  focusable={true}
  isTVSelectable={true}
  onClick={[Function]}
  onResponderGrant={[Function]}
  onResponderMove={[Function]}
  onResponderRelease={[Function]}
  onResponderTerminate={[Function]}
  onResponderTerminationRequest={[Function]}
  onStartShouldSetResponder={[Function]}
  style={
    Object {
      "alignItems": "center",
      "backgroundColor": "white",
      "borderRadius": 10,
      "flex": 0.5,
      "justifyContent": "center",
      "marginHorizontal": 100,
      "marginVertical": 5,
    }
  }
>
  <Text
    style={
      Object {
        "fontSize": 18,
      }
    }
  >
    Use Current Location
  </Text>
</View>
`;
